// Vitest Snapshot v1, https://vitest.dev/guide/snapshot.html

exports[`kitchen sink > toArray 1`] = `
[
  {
    "index": 0,
    "key": 0,
    "value": 0,
  },
  {
    "index": 1,
    "key": 3,
    "value": 6,
  },
  {
    "index": 2,
    "key": 4,
    "value": 10,
  },
  {
    "index": 3,
    "key": 7,
    "value": 28,
  },
  {
    "index": 4,
    "key": 8,
    "value": 36,
  },
  {
    "index": 5,
    "key": 11,
    "value": 66,
  },
  {
    "index": 6,
    "key": 12,
    "value": 78,
  },
]
`;

exports[`kitchen sink > toArray 2`] = `
[
  0,
  1,
  3,
  6,
  10,
  15,
  21,
  28,
  36,
  45,
  55,
  66,
  78,
  91,
  105,
  120,
]
`;

exports[`kitchen sink > toArray 3`] = `
[
  true,
  false,
  false,
  true,
  true,
  false,
  false,
  true,
  true,
  false,
  false,
  true,
  true,
  false,
  false,
  true,
]
`;
